// Jest Snapshot v1, https://goo.gl/fbAQLP

exports[`Initial test  1`] = `
<p>
  no data
</p>
`;
