exports[`>>>H O M E --- Snapshot Rednders the App Component 1`] = `
<div>
  <div
    className="app-header">
    <div>
      <h1>
        facebook
      </h1>
    </div>
  </div>
  <div
    className="app">
    <label>
      Select-type
      <select
        className="post-type"
        defaultValue="imageAndText"
        onChange={[Function]}>
        <option
          value="text">
          Text Only
        </option>
        <option
          value="image">
          Image Only
        </option>
        <option
          value="imageAndText">
          Image and Text
        </option>
        <option
          value="none">
          No items
        </option>
      </select>
    </label>
    <div>
      <div
        className="post-item">
        <p>
          Declare variables not wars!!
        </p>
        <div>
          <p>
            10
             Likes
          </p>
          <button
            className="like-button"
            onClick={[Function]}>
            Like
          </button>
        </div>
        <div>
          <h3>
            Comments..
          </h3>
          <div
            className="comment">
            <p>
              Well said, i agree.
            </p>
            <p
              className="comment-time">
              Created at : 
              Fri May 11 2018 19:17:43 GMT+0530 (IST)
            </p>
          </div>
          <div
            className="comment">
            <p>
              Good one!
            </p>
            <p
              className="comment-time">
              Created at : 
              Fri May 10 2018 15:23:36 GMT+0530 (IST)
            </p>
          </div>
          <div
            className="new-comment">
            <form
              onSubmit={[Function]}>
              <input
                className="comment-input"
                onChange={[Function]}
                placeholder="type a comment here...."
                value="" />
            </form>
          </div>
        </div>
      </div>
      <div
        className="post-item">
        <p>
          This is an item with an image
        </p>
        <img
          alt=""
          src="./images/post1.jpg" />
        <div>
          <p>
            20
             Likes
          </p>
          <button
            className="like-button"
            onClick={[Function]}>
            Like
          </button>
        </div>
        <div>
          <h3>
            Comments..
          </h3>
          <div
            className="comment">
            <p>
              Spectacular view
            </p>
            <p
              className="comment-time">
              Created at : 
              Fri May 11 2018 19:17:43 GMT+0530 (IST)
            </p>
          </div>
          <div
            className="comment">
            <p>
              Vacation...?
            </p>
            <p
              className="comment-time">
              Created at : 
              Fri May 10 2018 15:23:36 GMT+0530 (IST)
            </p>
          </div>
          <div
            className="new-comment">
            <form
              onSubmit={[Function]}>
              <input
                className="comment-input"
                onChange={[Function]}
                placeholder="type a comment here...."
                value="" />
            </form>
          </div>
        </div>
      </div>
    </div>
  </div>
</div>
`;
