exports[`Header --- Snapshot Rednders the Header Component 1`] = `
<div>
  <h1>
    facebook
  </h1>
</div>
`;
