// Jest Snapshot v1, https://goo.gl/fbAQLP

exports[`>>>LikeButton --- Snapshot Rednders the LikeButton Component 1`] = `
<div>
  <p>
    10
     Likes
  </p>
  <button
    className="like-button"
    onClick={[Function]}
  >
    Like
  </button>
</div>
`;
